[0;32mI (116) esp_image: segment 1: paddr=00035348 vaddr=3fc910ESP-ROM:esp32c3-api1-20210207
Build:Feb  7 2021
rst:0x15 (USB_UART_CHIP_RESET),boot:0xd (SPI_FAST_FLASH_BOOT)
Saved PC:0x400496ee
SPIWP:0xee
mode:DIO, clock div:1
load:0x3fcd5820,len:0x1738
load:0x403cc710,len:0xb9c
load:0x403ce710,len:0x2e40
entry 0x403cc71a
[0;32mI (24) boot: ESP-IDF v5.2 2nd stage bootloader[0m
[0;32mI (24) boot: compile time Oct 21 2025 15:58:13[0m
[0;32mI (25) boot: chip revision: v0.4[0m
[0;32mI (27) boot.esp32c3: SPI Speed      : 80MHz[0m
[0;32mI (32) boot.esp32c3: SPI Mode       : DIO[0m
[0;32mI (37) boot.esp32c3: SPI Flash Size : 2MB[0m
[0;32mI (41) boot: Enabling RNG early entropy source...[0m
[0;32mI (47) boot: Partition Table:[0m
[0;32mI (50) boot: ## Label            Usage          Type ST Offset   Length[0m
[0;32mI (58) boot:  0 nvs              WiFi data        01 02 00009000 00006000[0m
[0;32mI (65) boot:  1 phy_init         RF data          01 01 0000f000 00001000[0m
[0;32mI (73) boot:  2 factory          factory app      00 00 00010000 00100000[0m
[0;32mI (80) boot: End of partition table[0m
[0;32mI (84) esp_image: segment 0: paddr=00010020 vaddr=3c0b0020 size=25320h (152352) map[0m
[0;32mI (116) esp_image: segment 1: paddr=00035348 vaddr=3fc91000 size=02b60h ( 11104) load[0m
[0;32mI (119) esp_image: segment 2: paddr=00037eb0 vaddr=40380000 size=08168h ( 33128) load[0m
[0;32mI (128) esp_image: segment 3: paddr=00040020 vaddr=42000020 size=aa518h (697624) map[0m
[0;32mI (240) esp_image: segment 4: paddr=000ea540 vaddr=40388168 size=08e40h ( 36416) load[0m
[0;32mI (252) boot: Loaded app from partition at offset 0x10000[0m
[0;32mI (252) boot: Disabling RNG early entropy source...[0m
[0;32mI (264) cpu_start: Unicore app[0m
[0;32mI (272) cpu_start: Pro cpu start user code[0m
[0;32mI (272) cpu_start: cpu freq: 160000000 Hz[0m
[0;32mI (273) cpu_start: Application information:[0m
[0;32mI (275) cpu_start: Project name:     mqtt_test[0m
[0;32mI (281) cpu_start: App version:      1[0m
[0;32mI (285) cpu_start: Compile time:     Oct 21 2025 15:58:09[0m
[0;32mI (291) cpu_start: ELF file SHA256:  460334da6...[0m
[0;32mI (296) cpu_start: ESP-IDF:          v5.2[0m
[0;32mI (301) cpu_start: Min chip rev:     v0.3[0m
[0;32mI (306) cpu_start: Max chip rev:     v1.99 [0m
[0;32mI (311) cpu_start: Chip rev:         v0.4[0m
[0;32mI (315) heap_init: Initializing. RAM available for dynamic allocation:[0m
[0;32mI (323) heap_init: At 3FC982C0 len 00027D40 (159 KiB): RAM[0m
[0;32mI (329) heap_init: At 3FCC0000 len 0001C710 (113 KiB): Retention RAM[0m
[0;32mI (336) heap_init: At 3FCDC710 len 00002950 (10 KiB): Retention RAM[0m
[0;32mI (343) heap_init: At 50000010 len 00001FD8 (7 KiB): RTCRAM[0m
[0;32mI (350) spi_flash: detected chip: generic[0m
[0;32mI (354) spi_flash: flash io: dio[0m
[0;33mW (358) spi_flash: Detected size(4096k) larger than the size in the binary image header(2048k). Using the size in the binary image header.[0m
[0;32mI (371) sleep: Configure to isolate all GPIO pins in sleep state[0m
[0;32mI (378) sleep: Enable automatic switching of GPIO sleep configuration[0m
[0;32mI (385) main_task: Started on CPU0[0m
[0;32mI (385) main_task: Calling app_main()[0m
[0;32mI (395) pp: pp rom version: 9387209[0m
[0;32mI (395) net80211: net80211 rom version: 9387209[0m
[0;32mI (405) wifi:wifi driver task: 3fca0e48, prio:23, stack:6656, core=0[0m
[0;32mI (405) wifi:wifi firmware version: cc1dd81[0m
[0;32mI (405) wifi:wifi certification version: v7.0[0m
[0;32mI (415) wifi:config NVS flash: enabled[0m
[0;32mI (415) wifi:config nano formating: disabled[0m
[0;32mI (415) wifi:Init data frame dynamic rx buffer num: 32[0m
[0;32mI (425) wifi:Init static rx mgmt buffer num: 5[0m
[0;32mI (425) wifi:Init management short buffer num: 32[0m
[0;32mI (435) wifi:Init dynamic tx buffer num: 32[0m
[0;32mI (435) wifi:Init static tx FG buffer num: 2[0m
[0;32mI (445) wifi:Init static rx buffer size: 1600[0m
[0;32mI (445) wifi:Init static rx buffer num: 10[0m
[0;32mI (445) wifi:Init dynamic rx buffer num: 32[0m
[0;32mI (455) wifi_init: rx ba win: 6[0m
[0;32mI (455) wifi_init: tcpip mbox: 32[0m
[0;32mI (465) wifi_init: udp mbox: 6[0m
[0;32mI (465) wifi_init: tcp mbox: 6[0m
[0;32mI (465) wifi_init: tcp tx win: 5760[0m
[0;32mI (475) wifi_init: tcp rx win: 5760[0m
[0;32mI (475) wifi_init: tcp mss: 1440[0m
[0;32mI (475) wifi_init: WiFi IRAM OP enabled[0m
[0;32mI (485) wifi_init: WiFi RX IRAM OP enabled[0m
[0;32mI (495) phy_init: phy_version 1130,b4e4b80,Sep  5 2023,11:09:30[0m
[0;32mI (545) wifi:mode : sta (90:e5:b1:47:21:64)[0m
[0;32mI (545) wifi:enable tsf[0m
[0;32mI (1735) wifi:new:<10,0>, old:<1,0>, ap:<255,255>, sta:<10,0>, prof:1[0m
[0;32mI (1735) wifi:state: init -> auth (b0)[0m
[0;32mI (1745) wifi:state: auth -> assoc (0)[0m
[0;32mI (1755) wifi:state: assoc -> run (10)[0m
[0;32mI (1775) wifi:connected with Lymow, aid = 32, channel 10, BW20, bssid = 50:eb:f6:03:fa:68[0m
[0;32mI (1775) wifi:security: WPA2-PSK, phy: bgn, rssi: -47[0m
[0;32mI (1785) wifi:pm start, type: 1[0m

[0;32mI (1785) wifi:dp: 1, bi: 102400, li: 3, scale listen interval from 307200 us to 307200 us[0m
[0;32mI (1785) wifi:set rx beacon pti, rx_bcn_pti: 0, bcn_timeout: 25000, mt_pti: 0, mt_time: 10000[0m
[0;32mI (1795) mqtt: esp32 connected to ap![0m
[0;32mI (1795) wifi:<ba-add>idx:0 (ifx:0, 50:eb:f6:03:fa:68), tid:0, ssn:0, winSize:64[0m
[0;32mI (1805) wifi:<ba-add>idx:1 (ifx:0, 50:eb:f6:03:fa:68), tid:6, ssn:0, winSize:64[0m
[0;32mI (1835) wifi:AP's beacon interval = 102400 us, DTIM period = 1[0m
[0;32mI (2795) esp_netif_handlers: sta ip: 192.168.1.110, mask: 255.255.255.0, gw: 192.168.1.1[0m
[0;32mI (2795) mqtt: esp32 get ip address[0m
[0;32mI (2795) main_task: Returned from app_main()[0m
[0;32mI (3505) mqtt: mqtt connected[0m
[0;32mI (3785) mqtt: mqtt subcribed ack[0m
[0;32mI (169525) mqtt: topic->/topic/mqttx_0823{
  "msg": "hello"
}ï¿½ï¿½_ï¿½kdï¿½1ï¿½}ï¿½vï¿½ï¿½pï¿½Bï¿½ï¿½mï¿½ï¿½ï¿½Rï¿½kß©HS@bï¿½]ï¿½7ï¿½Ï“ï¿½,hï¿½_ï¿½Pï¿½ï¿½ï¿½@[0m
[0;32mI (169525) mqtt: payload->{
  "msg": "hello"
}ï¿½ï¿½_ï¿½kdï¿½1ï¿½}ï¿½vï¿½ï¿½pï¿½Bï¿½ï¿½mï¿½ï¿½ï¿½Rï¿½kß©HS@bï¿½]ï¿½7ï¿½Ï“ï¿½,hï¿½_ï¿½Pï¿½ï¿½ï¿½@[0m
[0;32mI (170605) mqtt: topic->/topic/mqttx_0823{
  "msg": "hello"
}ï¿½ï¿½_ï¿½kdï¿½1ï¿½}ï¿½vï¿½ï¿½pï¿½Bï¿½ï¿½mï¿½ï¿½ï¿½Rï¿½kß©HS@bï¿½]ï¿½7ï¿½Ï“ï¿½,hï¿½_ï¿½Pï¿½ï¿½ï¿½@[0m
[0;32mI (170605) mqtt: payload->{
  "msg": "hello"
}ï¿½ï¿½_ï¿½kdï¿½1ï¿½}ï¿½vï¿½ï¿½pï¿½Bï¿½ï¿½mï¿½ï¿½ï¿½Rï¿½kß©HS@bï¿½]ï¿½7ï¿½Ï“ï¿½,hï¿½_ï¿½Pï¿½ï¿½ï¿½@[0m
[0;32mI (207675) mqtt: topic->/topic/mqttx_0823{
  "msg": "hello"
}ï¿½ï¿½_ï¿½kdï¿½1ï¿½}ï¿½vï¿½ï¿½pï¿½Bï¿½ï¿½mï¿½ï¿½ï¿½Rï¿½kß©HS@bï¿½]ï¿½7ï¿½Ï“ï¿½,hï¿½_ï¿½Pï¿½ï¿½ï¿½@[0m
[0;32mI (207675) mqtt: payload->{
  "msg": "hello"
}ï¿½ï¿½_ï¿½kdï¿½1ï¿½}ï¿½vï¿½ï¿½pï¿½Bï¿½ï¿½mï¿½ï¿½ï¿½Rï¿½kß©HS@bï¿½]ï¿½7ï¿½Ï“ï¿½,hï¿½_ï¿½Pï¿½ï¿½ï¿½@[0m
[0;32mI (210845) mqtt: topic->/topic/mqttx_0823{
  "msg": "hello"
}ï¿½ï¿½_ï¿½kdï¿½1ï¿½}ï¿½vï¿½ï¿½pï¿½Bï¿½ï¿½mï¿½ï¿½ï¿½Rï¿½kß©HS@bï¿½]ï¿½7ï¿½Ï“ï¿½,hï¿½_ï¿½Pï¿½ï¿½ï¿½@[0m
[0;32mI (210845) mqtt: payload->{
  "msg": "hello"
}ï¿½ï¿½_ï¿½kdï¿½1ï¿½}ï¿½vï¿½ï¿½pï¿½Bï¿½ï¿½mï¿½ï¿½ï¿½Rï¿½kß©HS@bï¿½]ï¿½7ï¿½Ï“ï¿½,hï¿½_ï¿½Pï¿½ï¿½ï¿½@[0m
[0;32mI (216785) mqtt: topic->/topic/mqttx_0823{
  "msg": "hello"
}ï¿½ï¿½_ï¿½kdï¿½1ï¿½}ï¿½vï¿½ï¿½pï¿½Bï¿½ï¿½mï¿½ï¿½ï¿½Rï¿½kß©HS@bï¿½]ï¿½7ï¿½Ï“ï¿½,hï¿½_ï¿½Pï¿½ï¿½ï¿½@[0m
[0;32mI (216785) mqtt: payload->{
  "msg": "hello"
}ï¿½ï¿½_ï¿½kdï¿½1ï¿½}ï¿½vï¿½ï¿½pï¿½Bï¿½ï¿½mï¿½ï¿½ï¿½Rï¿½kß©HS@bï¿½]ï¿½7ï¿½Ï“ï¿½,hï¿½_ï¿½Pï¿½ï¿½ï¿½@[0m
[0;32mI (220195) mqtt: topic->/topic/mqttx_0823[0m
[0;32mI (220195) mqtt: payload->{
  "msg": "hello"
}ï¿½_ï¿½kdï¿½1ï¿½}ï¿½vï¿½ï¿½pï¿½Bï¿½ï¿½mï¿½ï¿½ï¿½Rï¿½kß©HS@bï¿½]ï¿½7ï¿½Ï“ï¿½,hï¿½_ï¿½Pï¿½ï¿½ï¿½@[0m
[0;32mI (221705) mqtt: topic->/topic/mqttx_0823[0m
[0;32mI (221705) mqtt: payload->{
 